student@D06 MINGW64 ~/Desktop/HTML_Lection
$ git remote -v
fatal: Not a git repository (or any of the parent directories): .git

student@D06 MINGW64 ~/Desktop/HTML_Lection
$ git status
fatal: Not a git repository (or any of the parent directories): .git

student@D06 MINGW64 ~/Desktop/HTML_Lection
$ git init
Initialized empty Git repository in C:/Users/Student/Desktop/HTML_Lection/.git/

student@D06 MINGW64 ~/Desktop/HTML_Lection (master)
$ git status
On branch master

Initial commit

Untracked files:
  (use "git add <file>..." to include in what will be committed)

        index.html
        pages/

nothing added to commit but untracked files present (use "git add" to track)

student@D06 MINGW64 ~/Desktop/HTML_Lection (master)
$ git add /
fatal: C:/Users/Student/AppData/Local/Programs/Git: 'C:/Users/Student/AppData/Local/Programs/Git' is outside repository

student@D06 MINGW64 ~/Desktop/HTML_Lection (master)
$ git add .

student@D06 MINGW64 ~/Desktop/HTML_Lection (master)
$ git commit -m"first lecture"
[master (root-commit) 7704e28] first lecture
 4 files changed, 67 insertions(+)
 create mode 100644 index.html
 create mode 100644 pages/page1.html
 create mode 100644 pages/page2.html
 create mode 100644 pages/page3.html

student@D06 MINGW64 ~/Desktop/HTML_Lection (master)
$ git remote add origin https://github.com/Calahan1985/HTML_Lection.git

student@D06 MINGW64 ~/Desktop/HTML_Lection (master)
$ git push -u origin master
Counting objects: 7, done.
Delta compression using up to 4 threads.
Compressing objects: 100% (7/7), done.
Writing objects: 100% (7/7), 997 bytes | 0 bytes/s, done.
Total 7 (delta 3), reused 0 (delta 0)
remote: Resolving deltas: 100% (3/3), done.
To https://github.com/Calahan1985/HTML_Lection.git
 * [new branch]      master -> master
Branch master set up to track remote branch master from origin.